ASxxxx Linker V03.00 + NoICE + sdld,  page 1.
Hexadecimal  [32-Bits]

Area                                    Addr        Size        Decimal Bytes (Attributes)
--------------------------------        ----        ----        ------- ----- ------------
.  .ABS.                            00000000    00000000 =           0. bytes (ABS,CON)

      Value  Global                              Global Defined In Module
      -----  --------------------------------   ------------------------
     00000000  .__.ABS.                           SMSlib_PSGaiden
     00000000  l__BSEG                         
     00000000  l__BSS                          
     00000000  l__CABS                         
     00000000  l__DABS                         
     00000000  l__HEADER                       
     00000000  l__HEAP                         
     00000000  l__HOME                         
     00000000  s__CABS                         
     00000000  s__CABS0                        
     00000000  s__CABS1                        
     00000000  s__CABS2                        
     00000000  s__CABS3                        
     00000000  s__CABS4                        
     00000000  s__DABS                         
     00000000  s__HEADER                       
     00000000  s__HEADER0                      
     00000000  s__HEADER1                      
     00000000  s__HEADER2                      
     00000000  s__HEADER3                      
     00000000  s__HEADER4                      
     00000000  s__HEADER5                      
     00000001  l__GSFINAL                      
     00000003  l__HEADER3                      
     00000003  l__HEADER4                      
     00000004  l__INITIALIZED                  
     00000004  l__INITIALIZER                  
     00000006  l__HEADER0                      
     00000009  l__HEADER1                      
     0000000A  l__HEADER2                      
     0000000B  l__CABS1                        
     0000000F  l__CABS2                        
     0000000F  l__GSINIT                       
     00000010  l__CABS0                        
     00000010  l__CABS4                        
     00000033  l__CABS3                        
     00000117  l__DATA                         
     0000012A  l__HEADER5                      
     00000200  s__CODE                         
     00000ACE  l__CODE                         
     00000CCE  s__HOME                         
     00000CCE  s__INITIALIZER                  
     00000CD2  s__GSINIT                       
     00000CE1  s__GSFINAL                      
     00002AC7  l__BANK2                        
     00008000  _SMS_SRAM                          SMSlib_PSGaiden
     00008000  s__BANK2                        
     0000C000  s__DATA                         
     0000C117  s__INITIALIZED                  
     0000C11B  s__BSEG                         
ASxxxx Linker V03.00 + NoICE + sdld,  page 2.
Hexadecimal  [32-Bits]

Area                                    Addr        Size        Decimal Bytes (Attributes)
--------------------------------        ----        ----        ------- ----- ------------
.  .ABS.                            00000000    00000000 =           0. bytes (ABS,CON)

      Value  Global                              Global Defined In Module
      -----  --------------------------------   ------------------------
     0000C11B  s__BSS                          
     0000C11B  s__HEAP                         
     0000FFFC  _SRAM_bank_to_be_mapped_on_slot2   SMSlib_PSGaiden
     0000FFFF  _ROM_bank_to_be_mapped_on_slot2    SMSlib_PSGaiden
ASxxxx Linker V03.00 + NoICE + sdld,  page 3.
Hexadecimal  [32-Bits]

Area                                    Addr        Size        Decimal Bytes (Attributes)
--------------------------------        ----        ----        ------- ----- ------------
_CODE                               00000200    00000ACE =        2766. bytes (REL,CON)

      Value  Global                              Global Defined In Module
      -----  --------------------------------   ------------------------
     00000200  __clock                            crt0
     00000204  _exit                              crt0
     0000020A  _InterruptHandler                  main
     0000020B  _InitConsole                       main
     0000022C  _Player1Init                       main
     00000241  _Player1Update                     main
     00000250  _Player1UpdatePosition             main
     00000293  _Player1UpdateDraw                 main
     0000032A  _loadGraphics2vram                 main
     0000034B  _main                              main
     00000404  _PSGStop                           PSGlib
     0000042B  _PSGResume                         PSGlib
     00000477  _PSGPlay                           PSGlib
     000004A4  _PSGCancelLoop                     PSGlib
     000004AA  _PSGPlayNoRepeat                   PSGlib
     000004B9  _PSGGetStatus                      PSGlib
     000004C1  _PSGSilenceChannels                PSGlib
     000004D2  _PSGRestoreVolumes                 PSGlib
     000005A3  _PSGSetMusicVolumeAttenuation      PSGlib
     00000668  _PSGSFXStop                        PSGlib
     00000721  _PSGSFXPlay                        PSGlib
     0000076E  _PSGSFXCancelLoop                  PSGlib
     00000774  _PSGSFXGetStatus                   PSGlib
     0000077C  _PSGSFXPlayLoop                    PSGlib
     00000796  _PSGFrame                          PSGlib
     000008AF  _PSGSFXFrame                       PSGlib
     00000935  _SMS_init                          SMSlib
     00000989  _VDPReg_init                       SMSlib
     00000994  _SMS_VDPType                       SMSlib
     0000099C  _SMS_VDPturnOnFeature              SMSlib
     000009B3  _SMS_VDPturnOffFeature             SMSlib
     000009CC  _SMS_setBGScrollX                  SMSlib
     000009D6  _SMS_setBGScrollY                  SMSlib
     000009E0  _SMS_setBackdropColor              SMSlib
     000009EA  _SMS_useFirstHalfTilesforSprites   SMSlib
     000009FE  _SMS_setSpriteMode                 SMSlib
     00000A43  _SMS_setBGPaletteColor             SMSlib
     00000A57  _SMS_setSpritePaletteColor         SMSlib
     00000A6B  _SMS_loadBGPalette                 SMSlib
     00000A7F  _SMS_loadSpritePalette             SMSlib
     00000A93  _SMS_setColor                      SMSlib
     00000A97  _SMS_waitForVBlank                 SMSlib
     00000AA4  _SMS_getKeysStatus                 SMSlib
     00000AA8  _SMS_getKeysPressed                SMSlib
     00000AC5  _SMS_getKeysHeld                   SMSlib
     00000ADC  _SMS_getKeysReleased               SMSlib
     00000AF9  _SMS_queryPauseRequested           SMSlib
     00000B01  _SMS_resetPauseRequest             SMSlib
     00000B07  _SMS_setLineInterruptHandler       SMSlib
     00000B18  _SMS_setLineCounter                SMSlib
ASxxxx Linker V03.00 + NoICE + sdld,  page 4.
Hexadecimal  [32-Bits]

Area                                    Addr        Size        Decimal Bytes (Attributes)
--------------------------------        ----        ----        ------- ----- ------------
_CODE                               00000200    00000ACE =        2766. bytes (REL,CON)

      Value  Global                              Global Defined In Module
      -----  --------------------------------   ------------------------
     00000B27  _SMS_getVCount                     SMSlib
     00000B2B  _SMS_getHCount                     SMSlib
     00000B2F  _SMS_isr                           SMSlib
     00000B65  _SMS_nmi_isr                       SMSlib
     00000B78  _SMS_initSprites                   SMSlib_sprite
     00000B7E  _SMS_addSprite                     SMSlib_sprite
     00000BB1  _SMS_finalizeSprites               SMSlib_sprite
     00000BC3  _SMS_copySpritestoSAT              SMSlib_sprite
     00000BEC  ___sdcc_call_hl                    
     00000BED  _SMS_loadPSGaidencompressedTiles   SMSlib_PSGaiden
ASxxxx Linker V03.00 + NoICE + sdld,  page 5.
Hexadecimal  [32-Bits]

Area                                    Addr        Size        Decimal Bytes (Attributes)
--------------------------------        ----        ----        ------- ----- ------------
_HEADER0                            00000000    00000006 =           6. bytes (ABS,CON)

      Value  Global                              Global Defined In Module
      -----  --------------------------------   ------------------------
     00000006  _SMS_crt0_RST08                    crt0

ASxxxx Linker V03.00 + NoICE + sdld,  page 6.
Hexadecimal  [32-Bits]

Area                                    Addr        Size        Decimal Bytes (Attributes)
--------------------------------        ----        ----        ------- ----- ------------
_HEADER1                            00000000    00000009 =           9. bytes (ABS,CON)

      Value  Global                              Global Defined In Module
      -----  --------------------------------   ------------------------
     00000011  _SMS_crt0_RST18                    crt0

ASxxxx Linker V03.00 + NoICE + sdld,  page 7.
Hexadecimal  [32-Bits]

Area                                    Addr        Size        Decimal Bytes (Attributes)
--------------------------------        ----        ----        ------- ----- ------------
_HEADER2                            00000000    0000000A =          10. bytes (ABS,CON)

      Value  Global                              Global Defined In Module
      -----  --------------------------------   ------------------------
ASxxxx Linker V03.00 + NoICE + sdld,  page 8.
Hexadecimal  [32-Bits]

Area                                    Addr        Size        Decimal Bytes (Attributes)
--------------------------------        ----        ----        ------- ----- ------------
_HEADER3                            00000000    00000003 =           3. bytes (ABS,CON)

      Value  Global                              Global Defined In Module
      -----  --------------------------------   ------------------------
ASxxxx Linker V03.00 + NoICE + sdld,  page 9.
Hexadecimal  [32-Bits]

Area                                    Addr        Size        Decimal Bytes (Attributes)
--------------------------------        ----        ----        ------- ----- ------------
_HEADER4                            00000000    00000003 =           3. bytes (ABS,CON)

      Value  Global                              Global Defined In Module
      -----  --------------------------------   ------------------------
ASxxxx Linker V03.00 + NoICE + sdld,  page 10.
Hexadecimal  [32-Bits]

Area                                    Addr        Size        Decimal Bytes (Attributes)
--------------------------------        ----        ----        ------- ----- ------------
_HEADER5                            00000000    0000012A =         298. bytes (ABS,CON)

      Value  Global                              Global Defined In Module
      -----  --------------------------------   ------------------------
     00000099  _OUTI128                           crt0
     00000119  _OUTI64                            crt0
     00000159  _OUTI32                            crt0
     00000199  _outi_block                        crt0

ASxxxx Linker V03.00 + NoICE + sdld,  page 11.
Hexadecimal  [32-Bits]

Area                                    Addr        Size        Decimal Bytes (Attributes)
--------------------------------        ----        ----        ------- ----- ------------
_INITIALIZER                        00000CCE    00000004 =           4. bytes (REL,CON)

      Value  Global                              Global Defined In Module
      -----  --------------------------------   ------------------------
ASxxxx Linker V03.00 + NoICE + sdld,  page 12.
Hexadecimal  [32-Bits]

Area                                    Addr        Size        Decimal Bytes (Attributes)
--------------------------------        ----        ----        ------- ----- ------------
_GSINIT                             00000CD2    0000000F =          15. bytes (REL,CON)

      Value  Global                              Global Defined In Module
      -----  --------------------------------   ------------------------
     00000CD2  gsinit                             crt0

ASxxxx Linker V03.00 + NoICE + sdld,  page 13.
Hexadecimal  [32-Bits]

Area                                    Addr        Size        Decimal Bytes (Attributes)
--------------------------------        ----        ----        ------- ----- ------------
_GSFINAL                            00000CE1    00000001 =           1. bytes (REL,CON)

      Value  Global                              Global Defined In Module
      -----  --------------------------------   ------------------------
ASxxxx Linker V03.00 + NoICE + sdld,  page 14.
Hexadecimal  [32-Bits]

Area                                    Addr        Size        Decimal Bytes (Attributes)
--------------------------------        ----        ----        ------- ----- ------------
_DATA                               0000C000    00000117 =         279. bytes (REL,CON)

      Value  Global                              Global Defined In Module
      -----  --------------------------------   ------------------------
     0000C000  _numinterrupts                     main
     0000C001  _player1_x                         main
     0000C002  _player1_y                         main
     0000C003  _player1_current_frame             main
     0000C004  _player1_direction                 main
     0000C005  _frame_counter                     main
     0000C006  _volume_atenuation                 main
     0000C007  _PSGMusicStatus                    PSGlib
     0000C008  _PSGMusicStart                     PSGlib
     0000C00A  _PSGMusicPointer                   PSGlib
     0000C00C  _PSGMusicLoopPoint                 PSGlib
     0000C00E  _PSGMusicSkipFrames                PSGlib
     0000C00F  _PSGLoopFlag                       PSGlib
     0000C010  _PSGMusicLastLatch                 PSGlib
     0000C011  _PSGMusicVolumeAttenuation         PSGlib
     0000C012  _PSGMusicSubstringLen              PSGlib
     0000C013  _PSGMusicSubstringRetAddr          PSGlib
     0000C015  _PSGChan0Volume                    PSGlib
     0000C016  _PSGChan1Volume                    PSGlib
     0000C017  _PSGChan2Volume                    PSGlib
     0000C018  _PSGChan3Volume                    PSGlib
     0000C019  _PSGChan2LowTone                   PSGlib
     0000C01A  _PSGChan2HighTone                  PSGlib
     0000C01B  _PSGChan3LowTone                   PSGlib
     0000C01C  _PSGChannel2SFX                    PSGlib
     0000C01D  _PSGChannel3SFX                    PSGlib
     0000C01E  _PSGSFXChan2Volume                 PSGlib
     0000C01F  _PSGSFXChan3Volume                 PSGlib
     0000C020  _PSGSFXStatus                      PSGlib
     0000C021  _PSGSFXStart                       PSGlib
     0000C023  _PSGSFXPointer                     PSGlib
     0000C025  _PSGSFXLoopPoint                   PSGlib
     0000C027  _PSGSFXSkipFrames                  PSGlib
     0000C028  _PSGSFXLoopFlag                    PSGlib
     0000C029  _PSGSFXSubstringLen                PSGlib
     0000C02A  _PSGSFXSubstringRetAddr            PSGlib
     0000C02C  _VDPBlank                          SMSlib
     0000C02D  _SMS_VDPFlags                      SMSlib
     0000C02E  _PauseRequested                    SMSlib
     0000C02F  _VDPType                           SMSlib
     0000C030  _KeysStatus                        SMSlib
     0000C032  _PreviousKeysStatus                SMSlib
     0000C034  _SMS_theLineInterruptHandler       SMSlib
     0000C036  _SpriteTableY                      SMSlib_sprite
     0000C076  _SpriteTableXN                     SMSlib_sprite
     0000C0F6  _SpriteNextFree                    SMSlib_sprite
     0000C0F7  _decompBuffer                      SMSlib_PSGaiden

ASxxxx Linker V03.00 + NoICE + sdld,  page 15.
Hexadecimal  [32-Bits]

Area                                    Addr        Size        Decimal Bytes (Attributes)
--------------------------------        ----        ----        ------- ----- ------------
_INITIALIZED                        0000C117    00000004 =           4. bytes (REL,CON)

      Value  Global                              Global Defined In Module
      -----  --------------------------------   ------------------------
     0000C117  _VDPReg                            SMSlib
     0000C119  _spritesHeight                     SMSlib
     0000C11A  _spritesWidth                      SMSlib
ASxxxx Linker V03.00 + NoICE + sdld,  page 16.
Hexadecimal  [32-Bits]

Area                                    Addr        Size        Decimal Bytes (Attributes)
--------------------------------        ----        ----        ------- ----- ------------
_CABS0                              00000000    00000010 =          16. bytes (ABS,CON)

      Value  Global                              Global Defined In Module
      -----  --------------------------------   ------------------------
     00007FF0  ___SMS__SEGA_signature             main

ASxxxx Linker V03.00 + NoICE + sdld,  page 17.
Hexadecimal  [32-Bits]

Area                                    Addr        Size        Decimal Bytes (Attributes)
--------------------------------        ----        ----        ------- ----- ------------
_CABS1                              00000000    0000000B =          11. bytes (ABS,CON)

      Value  Global                              Global Defined In Module
      -----  --------------------------------   ------------------------
     00007FD5  ___SMS__SDSC_author                main

ASxxxx Linker V03.00 + NoICE + sdld,  page 18.
Hexadecimal  [32-Bits]

Area                                    Addr        Size        Decimal Bytes (Attributes)
--------------------------------        ----        ----        ------- ----- ------------
_CABS2                              00000000    0000000F =          15. bytes (ABS,CON)

      Value  Global                              Global Defined In Module
      -----  --------------------------------   ------------------------
     00007FC6  ___SMS__SDSC_name                  main

ASxxxx Linker V03.00 + NoICE + sdld,  page 19.
Hexadecimal  [32-Bits]

Area                                    Addr        Size        Decimal Bytes (Attributes)
--------------------------------        ----        ----        ------- ----- ------------
_CABS3                              00000000    00000033 =          51. bytes (ABS,CON)

      Value  Global                              Global Defined In Module
      -----  --------------------------------   ------------------------
     00007F93  ___SMS__SDSC_descr                 main

ASxxxx Linker V03.00 + NoICE + sdld,  page 20.
Hexadecimal  [32-Bits]

Area                                    Addr        Size        Decimal Bytes (Attributes)
--------------------------------        ----        ----        ------- ----- ------------
_CABS4                              00000000    00000010 =          16. bytes (ABS,CON)

      Value  Global                              Global Defined In Module
      -----  --------------------------------   ------------------------
     00007FE0  ___SMS__SDSC_signature             main

ASxxxx Linker V03.00 + NoICE + sdld,  page 21.
Hexadecimal  [32-Bits]

Area                                    Addr        Size        Decimal Bytes (Attributes)
--------------------------------        ----        ----        ------- ----- ------------
_BANK2                              00008000    00002AC7 =       10951. bytes (REL,CON)

      Value  Global                              Global Defined In Module
      -----  --------------------------------   ------------------------
     00008000  _backgroundpalette_bin             bank2
     00008010  _backgroundtilemap_bin             bank2
     00008610  _backgroundtiles_psgcompr          bank2
     00009550  _enemybomb_psg                     bank2
     00009568  _explosion_psg                     bank2
     00009581  _music_psg                         bank2
     0000A795  _spritepalette_bin                 bank2
     0000A79D  _spritetiles_psgcompr              bank2

ASxxxx Linker V03.00 + NoICE + sdld,  page 22.

Files Linked                              [ module(s) ]

..\crt0\crt0_sms.rel                      [ crt0 ]
main.rel                                  [ main ]
..\lib\PSGlib.rel                         [ PSGlib ]
Banks\bank2.rel                           [ bank2 ]


Libraries Linked                          [ object file ]

..\lib\SMSlib.lib                         [ SMSlib.rel ]
..\lib\SMSlib.lib                         [ SMSlib_sprite.rel ]
C:\Program Files\SDCC\bin\..\lib\z80/z80.lib
                                          [ __sdcc_call_hl.rel ]
..\lib\SMSlib.lib                         [ SMSlib_PSGaiden.rel ]

ASxxxx Linker V03.00 + NoICE + sdld,  page 23.

User Base Address Definitions

_CODE = 0x0200
_DATA = 0xc000
_BANK2=0x8000

