ASxxxx Linker V03.00 + NoICE + sdld,  page 1.
Hexadecimal  [32-Bits]

Area                                    Addr        Size        Decimal Bytes (Attributes)
--------------------------------        ----        ----        ------- ----- ------------
.  .ABS.                            00000000    00000000 =           0. bytes (ABS,CON)

      Value  Global                              Global Defined In Module
      -----  --------------------------------   ------------------------
     00000000  .__.ABS.                           SMSlib_PSGaiden
     00000000  l__BSEG                         
     00000000  l__BSS                          
     00000000  l__CABS                         
     00000000  l__DABS                         
     00000000  l__HEADER                       
     00000000  l__HEAP                         
     00000000  l__HOME                         
     00000000  s__CABS                         
     00000000  s__CABS0                        
     00000000  s__CABS1                        
     00000000  s__CABS2                        
     00000000  s__CABS3                        
     00000000  s__CABS4                        
     00000000  s__DABS                         
     00000000  s__HEADER                       
     00000000  s__HEADER0                      
     00000000  s__HEADER1                      
     00000000  s__HEADER2                      
     00000000  s__HEADER3                      
     00000000  s__HEADER4                      
     00000000  s__HEADER5                      
     00000001  l__GSFINAL                      
     00000003  l__HEADER3                      
     00000003  l__HEADER4                      
     00000004  l__INITIALIZED                  
     00000004  l__INITIALIZER                  
     00000006  l__HEADER0                      
     00000009  l__HEADER1                      
     0000000A  l__HEADER2                      
     0000000B  l__CABS1                        
     0000000F  l__CABS2                        
     0000000F  l__GSINIT                       
     00000010  l__CABS0                        
     00000010  l__CABS4                        
     00000033  l__CABS3                        
     00000118  l__DATA                         
     0000012A  l__HEADER5                      
     00000200  s__CODE                         
     00000B66  l__CODE                         
     00000D66  s__HOME                         
     00000D66  s__INITIALIZER                  
     00000D6A  s__GSINIT                       
     00000D79  s__GSFINAL                      
     00002AEA  l__BANK2                        
     00008000  _SMS_SRAM                          SMSlib_PSGaiden
     00008000  s__BANK2                        
     0000C000  s__DATA                         
     0000C118  s__INITIALIZED                  
     0000C11C  s__BSEG                         
ASxxxx Linker V03.00 + NoICE + sdld,  page 2.
Hexadecimal  [32-Bits]

Area                                    Addr        Size        Decimal Bytes (Attributes)
--------------------------------        ----        ----        ------- ----- ------------
.  .ABS.                            00000000    00000000 =           0. bytes (ABS,CON)

      Value  Global                              Global Defined In Module
      -----  --------------------------------   ------------------------
     0000C11C  s__BSS                          
     0000C11C  s__HEAP                         
     0000FFFC  _SRAM_bank_to_be_mapped_on_slot2   SMSlib_PSGaiden
     0000FFFF  _ROM_bank_to_be_mapped_on_slot2    SMSlib_PSGaiden
ASxxxx Linker V03.00 + NoICE + sdld,  page 3.
Hexadecimal  [32-Bits]

Area                                    Addr        Size        Decimal Bytes (Attributes)
--------------------------------        ----        ----        ------- ----- ------------
_CODE                               00000200    00000B66 =        2918. bytes (REL,CON)

      Value  Global                              Global Defined In Module
      -----  --------------------------------   ------------------------
     00000200  __clock                            crt0
     00000204  _exit                              crt0
     0000020A  _InterruptHandler                  main
     0000020B  _InitConsole                       main
     0000022C  _checkgamepause                    main
     00000254  _Player1Init                       main
     00000269  _Player1Update                     main
     00000278  _Player1UpdatePosition             main
     000002BB  _Player1UpdateDraw                 main
     0000033A  _loadGraphics2vram                 main
     0000036E  _main                              main
     00000447  _PSGStop                           PSGlib
     0000046E  _PSGResume                         PSGlib
     000004BA  _PSGPlay                           PSGlib
     000004E7  _PSGCancelLoop                     PSGlib
     000004ED  _PSGPlayNoRepeat                   PSGlib
     000004FC  _PSGGetStatus                      PSGlib
     00000504  _PSGSilenceChannels                PSGlib
     00000515  _PSGRestoreVolumes                 PSGlib
     000005E6  _PSGSetMusicVolumeAttenuation      PSGlib
     000006AB  _PSGSFXStop                        PSGlib
     00000764  _PSGSFXPlay                        PSGlib
     000007B1  _PSGSFXCancelLoop                  PSGlib
     000007B7  _PSGSFXGetStatus                   PSGlib
     000007BF  _PSGSFXPlayLoop                    PSGlib
     000007D9  _PSGFrame                          PSGlib
     000008F2  _PSGSFXFrame                       PSGlib
     00000978  _SMS_init                          SMSlib
     000009CC  _VDPReg_init                       SMSlib
     000009D7  _SMS_VDPType                       SMSlib
     000009DF  _SMS_VDPturnOnFeature              SMSlib
     000009F6  _SMS_VDPturnOffFeature             SMSlib
     00000A0F  _SMS_setBGScrollX                  SMSlib
     00000A19  _SMS_setBGScrollY                  SMSlib
     00000A23  _SMS_setBackdropColor              SMSlib
     00000A2D  _SMS_useFirstHalfTilesforSprites   SMSlib
     00000A41  _SMS_setSpriteMode                 SMSlib
     00000A86  _SMS_setBGPaletteColor             SMSlib
     00000A9A  _SMS_setSpritePaletteColor         SMSlib
     00000AAE  _SMS_loadBGPalette                 SMSlib
     00000AC2  _SMS_loadSpritePalette             SMSlib
     00000AD6  _SMS_setColor                      SMSlib
     00000ADA  _SMS_waitForVBlank                 SMSlib
     00000AE7  _SMS_getKeysStatus                 SMSlib
     00000AEB  _SMS_getKeysPressed                SMSlib
     00000B08  _SMS_getKeysHeld                   SMSlib
     00000B1F  _SMS_getKeysReleased               SMSlib
     00000B3C  _SMS_queryPauseRequested           SMSlib
     00000B44  _SMS_resetPauseRequest             SMSlib
     00000B4A  _SMS_setLineInterruptHandler       SMSlib
ASxxxx Linker V03.00 + NoICE + sdld,  page 4.
Hexadecimal  [32-Bits]

Area                                    Addr        Size        Decimal Bytes (Attributes)
--------------------------------        ----        ----        ------- ----- ------------
_CODE                               00000200    00000B66 =        2918. bytes (REL,CON)

      Value  Global                              Global Defined In Module
      -----  --------------------------------   ------------------------
     00000B5B  _SMS_setLineCounter                SMSlib
     00000B6A  _SMS_getVCount                     SMSlib
     00000B6E  _SMS_getHCount                     SMSlib
     00000B72  _SMS_isr                           SMSlib
     00000BA8  _SMS_nmi_isr                       SMSlib
     00000BBB  _SMS_VRAMmemset                    SMSlib_VRAMmemset
     00000BE0  _SMS_VRAMmemsetW                   SMSlib_VRAMmemset
     00000C10  _SMS_initSprites                   SMSlib_sprite
     00000C16  _SMS_addSprite                     SMSlib_sprite
     00000C49  _SMS_finalizeSprites               SMSlib_sprite
     00000C5B  _SMS_copySpritestoSAT              SMSlib_sprite
     00000C84  ___sdcc_call_hl                    
     00000C85  _SMS_loadPSGaidencompressedTiles   SMSlib_PSGaiden
ASxxxx Linker V03.00 + NoICE + sdld,  page 5.
Hexadecimal  [32-Bits]

Area                                    Addr        Size        Decimal Bytes (Attributes)
--------------------------------        ----        ----        ------- ----- ------------
_HEADER0                            00000000    00000006 =           6. bytes (ABS,CON)

      Value  Global                              Global Defined In Module
      -----  --------------------------------   ------------------------
     00000006  _SMS_crt0_RST08                    crt0

ASxxxx Linker V03.00 + NoICE + sdld,  page 6.
Hexadecimal  [32-Bits]

Area                                    Addr        Size        Decimal Bytes (Attributes)
--------------------------------        ----        ----        ------- ----- ------------
_HEADER1                            00000000    00000009 =           9. bytes (ABS,CON)

      Value  Global                              Global Defined In Module
      -----  --------------------------------   ------------------------
     00000011  _SMS_crt0_RST18                    crt0

ASxxxx Linker V03.00 + NoICE + sdld,  page 7.
Hexadecimal  [32-Bits]

Area                                    Addr        Size        Decimal Bytes (Attributes)
--------------------------------        ----        ----        ------- ----- ------------
_HEADER2                            00000000    0000000A =          10. bytes (ABS,CON)

      Value  Global                              Global Defined In Module
      -----  --------------------------------   ------------------------
ASxxxx Linker V03.00 + NoICE + sdld,  page 8.
Hexadecimal  [32-Bits]

Area                                    Addr        Size        Decimal Bytes (Attributes)
--------------------------------        ----        ----        ------- ----- ------------
_HEADER3                            00000000    00000003 =           3. bytes (ABS,CON)

      Value  Global                              Global Defined In Module
      -----  --------------------------------   ------------------------
ASxxxx Linker V03.00 + NoICE + sdld,  page 9.
Hexadecimal  [32-Bits]

Area                                    Addr        Size        Decimal Bytes (Attributes)
--------------------------------        ----        ----        ------- ----- ------------
_HEADER4                            00000000    00000003 =           3. bytes (ABS,CON)

      Value  Global                              Global Defined In Module
      -----  --------------------------------   ------------------------
ASxxxx Linker V03.00 + NoICE + sdld,  page 10.
Hexadecimal  [32-Bits]

Area                                    Addr        Size        Decimal Bytes (Attributes)
--------------------------------        ----        ----        ------- ----- ------------
_HEADER5                            00000000    0000012A =         298. bytes (ABS,CON)

      Value  Global                              Global Defined In Module
      -----  --------------------------------   ------------------------
     00000099  _OUTI128                           crt0
     00000119  _OUTI64                            crt0
     00000159  _OUTI32                            crt0
     00000199  _outi_block                        crt0

ASxxxx Linker V03.00 + NoICE + sdld,  page 11.
Hexadecimal  [32-Bits]

Area                                    Addr        Size        Decimal Bytes (Attributes)
--------------------------------        ----        ----        ------- ----- ------------
_INITIALIZER                        00000D66    00000004 =           4. bytes (REL,CON)

      Value  Global                              Global Defined In Module
      -----  --------------------------------   ------------------------
ASxxxx Linker V03.00 + NoICE + sdld,  page 12.
Hexadecimal  [32-Bits]

Area                                    Addr        Size        Decimal Bytes (Attributes)
--------------------------------        ----        ----        ------- ----- ------------
_GSINIT                             00000D6A    0000000F =          15. bytes (REL,CON)

      Value  Global                              Global Defined In Module
      -----  --------------------------------   ------------------------
     00000D6A  gsinit                             crt0

ASxxxx Linker V03.00 + NoICE + sdld,  page 13.
Hexadecimal  [32-Bits]

Area                                    Addr        Size        Decimal Bytes (Attributes)
--------------------------------        ----        ----        ------- ----- ------------
_GSFINAL                            00000D79    00000001 =           1. bytes (REL,CON)

      Value  Global                              Global Defined In Module
      -----  --------------------------------   ------------------------
ASxxxx Linker V03.00 + NoICE + sdld,  page 14.
Hexadecimal  [32-Bits]

Area                                    Addr        Size        Decimal Bytes (Attributes)
--------------------------------        ----        ----        ------- ----- ------------
_DATA                               0000C000    00000118 =         280. bytes (REL,CON)

      Value  Global                              Global Defined In Module
      -----  --------------------------------   ------------------------
     0000C000  _numinterrupts                     main
     0000C001  _gamepause                         main
     0000C002  _player1_x                         main
     0000C003  _player1_y                         main
     0000C004  _player1_current_frame             main
     0000C005  _player1_direction                 main
     0000C006  _frame_counter                     main
     0000C007  _volume_atenuation                 main
     0000C008  _PSGMusicStatus                    PSGlib
     0000C009  _PSGMusicStart                     PSGlib
     0000C00B  _PSGMusicPointer                   PSGlib
     0000C00D  _PSGMusicLoopPoint                 PSGlib
     0000C00F  _PSGMusicSkipFrames                PSGlib
     0000C010  _PSGLoopFlag                       PSGlib
     0000C011  _PSGMusicLastLatch                 PSGlib
     0000C012  _PSGMusicVolumeAttenuation         PSGlib
     0000C013  _PSGMusicSubstringLen              PSGlib
     0000C014  _PSGMusicSubstringRetAddr          PSGlib
     0000C016  _PSGChan0Volume                    PSGlib
     0000C017  _PSGChan1Volume                    PSGlib
     0000C018  _PSGChan2Volume                    PSGlib
     0000C019  _PSGChan3Volume                    PSGlib
     0000C01A  _PSGChan2LowTone                   PSGlib
     0000C01B  _PSGChan2HighTone                  PSGlib
     0000C01C  _PSGChan3LowTone                   PSGlib
     0000C01D  _PSGChannel2SFX                    PSGlib
     0000C01E  _PSGChannel3SFX                    PSGlib
     0000C01F  _PSGSFXChan2Volume                 PSGlib
     0000C020  _PSGSFXChan3Volume                 PSGlib
     0000C021  _PSGSFXStatus                      PSGlib
     0000C022  _PSGSFXStart                       PSGlib
     0000C024  _PSGSFXPointer                     PSGlib
     0000C026  _PSGSFXLoopPoint                   PSGlib
     0000C028  _PSGSFXSkipFrames                  PSGlib
     0000C029  _PSGSFXLoopFlag                    PSGlib
     0000C02A  _PSGSFXSubstringLen                PSGlib
     0000C02B  _PSGSFXSubstringRetAddr            PSGlib
     0000C02D  _VDPBlank                          SMSlib
     0000C02E  _SMS_VDPFlags                      SMSlib
     0000C02F  _PauseRequested                    SMSlib
     0000C030  _VDPType                           SMSlib
     0000C031  _KeysStatus                        SMSlib
     0000C033  _PreviousKeysStatus                SMSlib
     0000C035  _SMS_theLineInterruptHandler       SMSlib
     0000C037  _SpriteTableY                      SMSlib_sprite
     0000C077  _SpriteTableXN                     SMSlib_sprite
     0000C0F7  _SpriteNextFree                    SMSlib_sprite
     0000C0F8  _decompBuffer                      SMSlib_PSGaiden
ASxxxx Linker V03.00 + NoICE + sdld,  page 15.
Hexadecimal  [32-Bits]

Area                                    Addr        Size        Decimal Bytes (Attributes)
--------------------------------        ----        ----        ------- ----- ------------
_INITIALIZED                        0000C118    00000004 =           4. bytes (REL,CON)

      Value  Global                              Global Defined In Module
      -----  --------------------------------   ------------------------
     0000C118  _VDPReg                            SMSlib
     0000C11A  _spritesHeight                     SMSlib
     0000C11B  _spritesWidth                      SMSlib
ASxxxx Linker V03.00 + NoICE + sdld,  page 16.
Hexadecimal  [32-Bits]

Area                                    Addr        Size        Decimal Bytes (Attributes)
--------------------------------        ----        ----        ------- ----- ------------
_CABS0                              00000000    00000010 =          16. bytes (ABS,CON)

      Value  Global                              Global Defined In Module
      -----  --------------------------------   ------------------------
     00007FF0  ___SMS__SEGA_signature             main

ASxxxx Linker V03.00 + NoICE + sdld,  page 17.
Hexadecimal  [32-Bits]

Area                                    Addr        Size        Decimal Bytes (Attributes)
--------------------------------        ----        ----        ------- ----- ------------
_CABS1                              00000000    0000000B =          11. bytes (ABS,CON)

      Value  Global                              Global Defined In Module
      -----  --------------------------------   ------------------------
     00007FD5  ___SMS__SDSC_author                main

ASxxxx Linker V03.00 + NoICE + sdld,  page 18.
Hexadecimal  [32-Bits]

Area                                    Addr        Size        Decimal Bytes (Attributes)
--------------------------------        ----        ----        ------- ----- ------------
_CABS2                              00000000    0000000F =          15. bytes (ABS,CON)

      Value  Global                              Global Defined In Module
      -----  --------------------------------   ------------------------
     00007FC6  ___SMS__SDSC_name                  main

ASxxxx Linker V03.00 + NoICE + sdld,  page 19.
Hexadecimal  [32-Bits]

Area                                    Addr        Size        Decimal Bytes (Attributes)
--------------------------------        ----        ----        ------- ----- ------------
_CABS3                              00000000    00000033 =          51. bytes (ABS,CON)

      Value  Global                              Global Defined In Module
      -----  --------------------------------   ------------------------
     00007F93  ___SMS__SDSC_descr                 main

ASxxxx Linker V03.00 + NoICE + sdld,  page 20.
Hexadecimal  [32-Bits]

Area                                    Addr        Size        Decimal Bytes (Attributes)
--------------------------------        ----        ----        ------- ----- ------------
_CABS4                              00000000    00000010 =          16. bytes (ABS,CON)

      Value  Global                              Global Defined In Module
      -----  --------------------------------   ------------------------
     00007FE0  ___SMS__SDSC_signature             main

ASxxxx Linker V03.00 + NoICE + sdld,  page 21.
Hexadecimal  [32-Bits]

Area                                    Addr        Size        Decimal Bytes (Attributes)
--------------------------------        ----        ----        ------- ----- ------------
_BANK2                              00008000    00002AEA =       10986. bytes (REL,CON)

      Value  Global                              Global Defined In Module
      -----  --------------------------------   ------------------------
     00008000  _backgroundpalette_bin             bank2
     00008010  _backgroundtilemap_bin             bank2
     00008610  _backgroundtiles_psgcompr          bank2
     00009550  _enemybomb_psg                     bank2
     00009568  _explosion_psg                     bank2
     00009581  _music_psg                         bank2
     0000A795  _pause_psg                         bank2
     0000A7B8  _spritepalette_bin                 bank2
     0000A7C0  _spritetiles_psgcompr              bank2
ASxxxx Linker V03.00 + NoICE + sdld,  page 22.

Files Linked                              [ module(s) ]

..\crt0\crt0_sms.rel                      [ crt0 ]
main.rel                                  [ main ]
..\lib\PSGlib.rel                         [ PSGlib ]
Banks\bank2.rel                           [ bank2 ]


Libraries Linked                          [ object file ]

..\lib\SMSlib.lib                         [ SMSlib.rel ]
..\lib\SMSlib.lib                         [ SMSlib_VRAMmemset.rel ]
..\lib\SMSlib.lib                         [ SMSlib_sprite.rel ]
C:\Program Files\SDCC\bin\..\lib\z80/z80.lib
                                          [ __sdcc_call_hl.rel ]
..\lib\SMSlib.lib                         [ SMSlib_PSGaiden.rel ]

ASxxxx Linker V03.00 + NoICE + sdld,  page 23.

User Base Address Definitions

_CODE = 0x0200
_DATA = 0xc000
_BANK2=0x8000

