ASxxxx Linker V03.00 + NoICE + sdld,  page 1.
Hexadecimal  [32-Bits]

Area                                    Addr        Size        Decimal Bytes (Attributes)
--------------------------------        ----        ----        ------- ----- ------------
.  .ABS.                            00000000    00000000 =           0. bytes (ABS,CON)

      Value  Global                              Global Defined In Module
      -----  --------------------------------   ------------------------
     00000000  .__.ABS.                           SMSlib_PSGaiden
     00000000  l__BSEG                         
     00000000  l__BSS                          
     00000000  l__CABS                         
     00000000  l__DABS                         
     00000000  l__HEADER                       
     00000000  l__HEAP                         
     00000000  l__HOME                         
     00000000  s__CABS                         
     00000000  s__CABS0                        
     00000000  s__CABS1                        
     00000000  s__CABS2                        
     00000000  s__CABS3                        
     00000000  s__CABS4                        
     00000000  s__DABS                         
     00000000  s__HEADER                       
     00000000  s__HEADER0                      
     00000000  s__HEADER1                      
     00000000  s__HEADER2                      
     00000000  s__HEADER3                      
     00000000  s__HEADER4                      
     00000000  s__HEADER5                      
     00000001  l__GSFINAL                      
     00000003  l__HEADER3                      
     00000003  l__HEADER4                      
     00000004  l__INITIALIZED                  
     00000004  l__INITIALIZER                  
     00000006  l__HEADER0                      
     00000009  l__HEADER1                      
     0000000A  l__HEADER2                      
     0000000B  l__CABS1                        
     0000000F  l__CABS2                        
     0000000F  l__GSINIT                       
     00000010  l__CABS0                        
     00000010  l__CABS4                        
     00000033  l__CABS3                        
     00000117  l__DATA                         
     0000012A  l__HEADER5                      
     00000200  s__CODE                         
     00001214  l__BANK2                        
     0000357A  l__CODE                         
     0000377A  s__HOME                         
     0000377A  s__INITIALIZER                  
     0000377E  s__GSINIT                       
     0000378D  s__GSFINAL                      
     00008000  _SMS_SRAM                          SMSlib_PSGaiden
     00008000  s__BANK2                        
     0000C000  s__DATA                         
     0000C117  s__INITIALIZED                  
     0000C11B  s__BSEG                         
ASxxxx Linker V03.00 + NoICE + sdld,  page 2.
Hexadecimal  [32-Bits]

Area                                    Addr        Size        Decimal Bytes (Attributes)
--------------------------------        ----        ----        ------- ----- ------------
.  .ABS.                            00000000    00000000 =           0. bytes (ABS,CON)

      Value  Global                              Global Defined In Module
      -----  --------------------------------   ------------------------
     0000C11B  s__BSS                          
     0000C11B  s__HEAP                         
     0000FFFC  _SRAM_bank_to_be_mapped_on_slot2   SMSlib_PSGaiden
     0000FFFF  _ROM_bank_to_be_mapped_on_slot2    SMSlib_PSGaiden
ASxxxx Linker V03.00 + NoICE + sdld,  page 3.
Hexadecimal  [32-Bits]

Area                                    Addr        Size        Decimal Bytes (Attributes)
--------------------------------        ----        ----        ------- ----- ------------
_CODE                               00000200    0000357A =       13690. bytes (REL,CON)

      Value  Global                              Global Defined In Module
      -----  --------------------------------   ------------------------
     00000200  __clock                            crt0
     00000204  _exit                              crt0
     0000020A  _InterruptHandler                  main
     0000020B  _InitConsole                       main
     0000022C  _Player1Init                       main
     00000241  _Player1Update                     main
     00000250  _Player1UpdatePosition             main
     00000293  _Player1UpdateDraw                 main
     0000032A  _init_console                      main
     0000033B  _loadGraphics2vram                 main
     0000035C  _main                              main
     000003FF  _PSGStop                           PSGlib
     00000426  _PSGResume                         PSGlib
     00000472  _PSGPlay                           PSGlib
     0000049F  _PSGCancelLoop                     PSGlib
     000004A5  _PSGPlayNoRepeat                   PSGlib
     000004B4  _PSGGetStatus                      PSGlib
     000004BC  _PSGSilenceChannels                PSGlib
     000004CD  _PSGRestoreVolumes                 PSGlib
     0000059E  _PSGSetMusicVolumeAttenuation      PSGlib
     00000663  _PSGSFXStop                        PSGlib
     0000071C  _PSGSFXPlay                        PSGlib
     00000769  _PSGSFXCancelLoop                  PSGlib
     0000076F  _PSGSFXGetStatus                   PSGlib
     00000777  _PSGSFXPlayLoop                    PSGlib
     00000791  _PSGFrame                          PSGlib
     000008AA  _PSGSFXFrame                       PSGlib
     00000930  _backgroundpalette_bin             bank1
     00000940  _backgroundtilemap_bin             bank1
     00000F40  _backgroundtiles_psgcompr          bank1
     00003094  _spritepalette_bin                 bank1
     0000309C  _spritetiles_psgcompr              bank1
     0000338B  _SMS_init                          SMSlib
     000033DF  _VDPReg_init                       SMSlib
     000033EA  _SMS_VDPType                       SMSlib
     000033F2  _SMS_VDPturnOnFeature              SMSlib
     00003409  _SMS_VDPturnOffFeature             SMSlib
     00003422  _SMS_setBGScrollX                  SMSlib
     0000342C  _SMS_setBGScrollY                  SMSlib
     00003436  _SMS_setBackdropColor              SMSlib
     00003440  _SMS_useFirstHalfTilesforSprites   SMSlib
     00003454  _SMS_setSpriteMode                 SMSlib
     00003499  _SMS_setBGPaletteColor             SMSlib
     000034AD  _SMS_setSpritePaletteColor         SMSlib
     000034C1  _SMS_loadBGPalette                 SMSlib
     000034D5  _SMS_loadSpritePalette             SMSlib
     000034E9  _SMS_setColor                      SMSlib
     000034ED  _SMS_waitForVBlank                 SMSlib
     000034FA  _SMS_getKeysStatus                 SMSlib
     000034FE  _SMS_getKeysPressed                SMSlib
ASxxxx Linker V03.00 + NoICE + sdld,  page 4.
Hexadecimal  [32-Bits]

Area                                    Addr        Size        Decimal Bytes (Attributes)
--------------------------------        ----        ----        ------- ----- ------------
_CODE                               00000200    0000357A =       13690. bytes (REL,CON)

      Value  Global                              Global Defined In Module
      -----  --------------------------------   ------------------------
     0000351B  _SMS_getKeysHeld                   SMSlib
     00003532  _SMS_getKeysReleased               SMSlib
     0000354F  _SMS_queryPauseRequested           SMSlib
     00003557  _SMS_resetPauseRequest             SMSlib
     0000355D  _SMS_setLineInterruptHandler       SMSlib
     0000356E  _SMS_setLineCounter                SMSlib
     0000357D  _SMS_getVCount                     SMSlib
     00003581  _SMS_getHCount                     SMSlib
     00003585  _SMS_isr                           SMSlib
     000035BB  _SMS_nmi_isr                       SMSlib
     000035CE  _SMS_loadBGPaletteHalfBrightness   SMSlib_paletteAdv
     000035E5  _SMS_zeroBGPalette                 SMSlib_paletteAdv
     000035F9  _SMS_loadSpritePaletteHalfBright   SMSlib_paletteAdv
     00003610  _SMS_zeroSpritePalette             SMSlib_paletteAdv
     00003624  _SMS_initSprites                   SMSlib_sprite
     0000362A  _SMS_addSprite                     SMSlib_sprite
     0000365D  _SMS_finalizeSprites               SMSlib_sprite
     0000366F  _SMS_copySpritestoSAT              SMSlib_sprite
     00003698  ___sdcc_call_hl                    
     00003699  _SMS_loadPSGaidencompressedTiles   SMSlib_PSGaiden

ASxxxx Linker V03.00 + NoICE + sdld,  page 5.
Hexadecimal  [32-Bits]

Area                                    Addr        Size        Decimal Bytes (Attributes)
--------------------------------        ----        ----        ------- ----- ------------
_HEADER0                            00000000    00000006 =           6. bytes (ABS,CON)

      Value  Global                              Global Defined In Module
      -----  --------------------------------   ------------------------
     00000006  _SMS_crt0_RST08                    crt0

ASxxxx Linker V03.00 + NoICE + sdld,  page 6.
Hexadecimal  [32-Bits]

Area                                    Addr        Size        Decimal Bytes (Attributes)
--------------------------------        ----        ----        ------- ----- ------------
_HEADER1                            00000000    00000009 =           9. bytes (ABS,CON)

      Value  Global                              Global Defined In Module
      -----  --------------------------------   ------------------------
     00000011  _SMS_crt0_RST18                    crt0

ASxxxx Linker V03.00 + NoICE + sdld,  page 7.
Hexadecimal  [32-Bits]

Area                                    Addr        Size        Decimal Bytes (Attributes)
--------------------------------        ----        ----        ------- ----- ------------
_HEADER2                            00000000    0000000A =          10. bytes (ABS,CON)

      Value  Global                              Global Defined In Module
      -----  --------------------------------   ------------------------
ASxxxx Linker V03.00 + NoICE + sdld,  page 8.
Hexadecimal  [32-Bits]

Area                                    Addr        Size        Decimal Bytes (Attributes)
--------------------------------        ----        ----        ------- ----- ------------
_HEADER3                            00000000    00000003 =           3. bytes (ABS,CON)

      Value  Global                              Global Defined In Module
      -----  --------------------------------   ------------------------
ASxxxx Linker V03.00 + NoICE + sdld,  page 9.
Hexadecimal  [32-Bits]

Area                                    Addr        Size        Decimal Bytes (Attributes)
--------------------------------        ----        ----        ------- ----- ------------
_HEADER4                            00000000    00000003 =           3. bytes (ABS,CON)

      Value  Global                              Global Defined In Module
      -----  --------------------------------   ------------------------
ASxxxx Linker V03.00 + NoICE + sdld,  page 10.
Hexadecimal  [32-Bits]

Area                                    Addr        Size        Decimal Bytes (Attributes)
--------------------------------        ----        ----        ------- ----- ------------
_HEADER5                            00000000    0000012A =         298. bytes (ABS,CON)

      Value  Global                              Global Defined In Module
      -----  --------------------------------   ------------------------
     00000099  _OUTI128                           crt0
     00000119  _OUTI64                            crt0
     00000159  _OUTI32                            crt0
     00000199  _outi_block                        crt0

ASxxxx Linker V03.00 + NoICE + sdld,  page 11.
Hexadecimal  [32-Bits]

Area                                    Addr        Size        Decimal Bytes (Attributes)
--------------------------------        ----        ----        ------- ----- ------------
_INITIALIZER                        0000377A    00000004 =           4. bytes (REL,CON)

      Value  Global                              Global Defined In Module
      -----  --------------------------------   ------------------------
ASxxxx Linker V03.00 + NoICE + sdld,  page 12.
Hexadecimal  [32-Bits]

Area                                    Addr        Size        Decimal Bytes (Attributes)
--------------------------------        ----        ----        ------- ----- ------------
_GSINIT                             0000377E    0000000F =          15. bytes (REL,CON)

      Value  Global                              Global Defined In Module
      -----  --------------------------------   ------------------------
     0000377E  gsinit                             crt0

ASxxxx Linker V03.00 + NoICE + sdld,  page 13.
Hexadecimal  [32-Bits]

Area                                    Addr        Size        Decimal Bytes (Attributes)
--------------------------------        ----        ----        ------- ----- ------------
_GSFINAL                            0000378D    00000001 =           1. bytes (REL,CON)

      Value  Global                              Global Defined In Module
      -----  --------------------------------   ------------------------
ASxxxx Linker V03.00 + NoICE + sdld,  page 14.
Hexadecimal  [32-Bits]

Area                                    Addr        Size        Decimal Bytes (Attributes)
--------------------------------        ----        ----        ------- ----- ------------
_DATA                               0000C000    00000117 =         279. bytes (REL,CON)

      Value  Global                              Global Defined In Module
      -----  --------------------------------   ------------------------
     0000C000  _numinterrupts                     main
     0000C001  _player1_x                         main
     0000C002  _player1_y                         main
     0000C003  _player1_current_frame             main
     0000C004  _player1_direction                 main
     0000C005  _frame_counter                     main
     0000C006  _volume_atenuation                 main
     0000C007  _PSGMusicStatus                    PSGlib
     0000C008  _PSGMusicStart                     PSGlib
     0000C00A  _PSGMusicPointer                   PSGlib
     0000C00C  _PSGMusicLoopPoint                 PSGlib
     0000C00E  _PSGMusicSkipFrames                PSGlib
     0000C00F  _PSGLoopFlag                       PSGlib
     0000C010  _PSGMusicLastLatch                 PSGlib
     0000C011  _PSGMusicVolumeAttenuation         PSGlib
     0000C012  _PSGMusicSubstringLen              PSGlib
     0000C013  _PSGMusicSubstringRetAddr          PSGlib
     0000C015  _PSGChan0Volume                    PSGlib
     0000C016  _PSGChan1Volume                    PSGlib
     0000C017  _PSGChan2Volume                    PSGlib
     0000C018  _PSGChan3Volume                    PSGlib
     0000C019  _PSGChan2LowTone                   PSGlib
     0000C01A  _PSGChan2HighTone                  PSGlib
     0000C01B  _PSGChan3LowTone                   PSGlib
     0000C01C  _PSGChannel2SFX                    PSGlib
     0000C01D  _PSGChannel3SFX                    PSGlib
     0000C01E  _PSGSFXChan2Volume                 PSGlib
     0000C01F  _PSGSFXChan3Volume                 PSGlib
     0000C020  _PSGSFXStatus                      PSGlib
     0000C021  _PSGSFXStart                       PSGlib
     0000C023  _PSGSFXPointer                     PSGlib
     0000C025  _PSGSFXLoopPoint                   PSGlib
     0000C027  _PSGSFXSkipFrames                  PSGlib
     0000C028  _PSGSFXLoopFlag                    PSGlib
     0000C029  _PSGSFXSubstringLen                PSGlib
     0000C02A  _PSGSFXSubstringRetAddr            PSGlib
     0000C02C  _VDPBlank                          SMSlib
     0000C02D  _SMS_VDPFlags                      SMSlib
     0000C02E  _PauseRequested                    SMSlib
     0000C02F  _VDPType                           SMSlib
     0000C030  _KeysStatus                        SMSlib
     0000C032  _PreviousKeysStatus                SMSlib
     0000C034  _SMS_theLineInterruptHandler       SMSlib
     0000C036  _SpriteTableY                      SMSlib_sprite
     0000C076  _SpriteTableXN                     SMSlib_sprite
     0000C0F6  _SpriteNextFree                    SMSlib_sprite
     0000C0F7  _decompBuffer                      SMSlib_PSGaiden

ASxxxx Linker V03.00 + NoICE + sdld,  page 15.
Hexadecimal  [32-Bits]

Area                                    Addr        Size        Decimal Bytes (Attributes)
--------------------------------        ----        ----        ------- ----- ------------
_INITIALIZED                        0000C117    00000004 =           4. bytes (REL,CON)

      Value  Global                              Global Defined In Module
      -----  --------------------------------   ------------------------
     0000C117  _VDPReg                            SMSlib
     0000C119  _spritesHeight                     SMSlib
     0000C11A  _spritesWidth                      SMSlib
ASxxxx Linker V03.00 + NoICE + sdld,  page 16.
Hexadecimal  [32-Bits]

Area                                    Addr        Size        Decimal Bytes (Attributes)
--------------------------------        ----        ----        ------- ----- ------------
_CABS0                              00000000    00000010 =          16. bytes (ABS,CON)

      Value  Global                              Global Defined In Module
      -----  --------------------------------   ------------------------
     00007FF0  ___SMS__SEGA_signature             main

ASxxxx Linker V03.00 + NoICE + sdld,  page 17.
Hexadecimal  [32-Bits]

Area                                    Addr        Size        Decimal Bytes (Attributes)
--------------------------------        ----        ----        ------- ----- ------------
_CABS1                              00000000    0000000B =          11. bytes (ABS,CON)

      Value  Global                              Global Defined In Module
      -----  --------------------------------   ------------------------
     00007FD5  ___SMS__SDSC_author                main

ASxxxx Linker V03.00 + NoICE + sdld,  page 18.
Hexadecimal  [32-Bits]

Area                                    Addr        Size        Decimal Bytes (Attributes)
--------------------------------        ----        ----        ------- ----- ------------
_CABS2                              00000000    0000000F =          15. bytes (ABS,CON)

      Value  Global                              Global Defined In Module
      -----  --------------------------------   ------------------------
     00007FC6  ___SMS__SDSC_name                  main

ASxxxx Linker V03.00 + NoICE + sdld,  page 19.
Hexadecimal  [32-Bits]

Area                                    Addr        Size        Decimal Bytes (Attributes)
--------------------------------        ----        ----        ------- ----- ------------
_CABS3                              00000000    00000033 =          51. bytes (ABS,CON)

      Value  Global                              Global Defined In Module
      -----  --------------------------------   ------------------------
     00007F93  ___SMS__SDSC_descr                 main

ASxxxx Linker V03.00 + NoICE + sdld,  page 20.
Hexadecimal  [32-Bits]

Area                                    Addr        Size        Decimal Bytes (Attributes)
--------------------------------        ----        ----        ------- ----- ------------
_CABS4                              00000000    00000010 =          16. bytes (ABS,CON)

      Value  Global                              Global Defined In Module
      -----  --------------------------------   ------------------------
     00007FE0  ___SMS__SDSC_signature             main

ASxxxx Linker V03.00 + NoICE + sdld,  page 21.
Hexadecimal  [32-Bits]

Area                                    Addr        Size        Decimal Bytes (Attributes)
--------------------------------        ----        ----        ------- ----- ------------
_BANK2                              00008000    00001214 =        4628. bytes (REL,CON)

      Value  Global                              Global Defined In Module
      -----  --------------------------------   ------------------------
     00008000  _music_psg                         bank2

ASxxxx Linker V03.00 + NoICE + sdld,  page 22.

Files Linked                              [ module(s) ]

..\crt0\crt0_sms.rel                      [ crt0 ]
main.rel                                  [ main ]
..\lib\PSGlib.rel                         [ PSGlib ]
bank1.rel                                 [ bank1 ]
Banks\bank2.rel                           [ bank2 ]


Libraries Linked                          [ object file ]

..\lib\SMSlib.lib                         [ SMSlib.rel ]
..\lib\SMSlib.lib                         [ SMSlib_paletteAdv.rel ]
..\lib\SMSlib.lib                         [ SMSlib_sprite.rel ]
C:\Program Files\SDCC\bin\..\lib\z80/z80.lib
                                          [ __sdcc_call_hl.rel ]
..\lib\SMSlib.lib                         [ SMSlib_PSGaiden.rel ]

ASxxxx Linker V03.00 + NoICE + sdld,  page 23.

User Base Address Definitions

_CODE = 0x0200
_DATA = 0xc000
_BANK1=0x4000
_BANK2=0x8000

