ASxxxx Linker V03.00 + NoICE + sdld,  page 1.
Hexadecimal  [32-Bits]

Area                                    Addr        Size        Decimal Bytes (Attributes)
--------------------------------        ----        ----        ------- ----- ------------
.  .ABS.                            00000000    00000000 =           0. bytes (ABS,CON)

      Value  Global                              Global Defined In Module
      -----  --------------------------------   ------------------------
     00000000  .__.ABS.                           SMSlib_VRAMmemcpy
     00000000  l__BSEG                         
     00000000  l__BSS                          
     00000000  l__CABS                         
     00000000  l__DABS                         
     00000000  l__HEADER                       
     00000000  l__HEAP                         
     00000000  l__HOME                         
     00000000  s__CABS                         
     00000000  s__CABS0                        
     00000000  s__CABS1                        
     00000000  s__CABS2                        
     00000000  s__CABS3                        
     00000000  s__CABS4                        
     00000000  s__DABS                         
     00000000  s__HEADER                       
     00000000  s__HEADER0                      
     00000000  s__HEADER1                      
     00000000  s__HEADER2                      
     00000000  s__HEADER3                      
     00000000  s__HEADER4                      
     00000001  l__GSFINAL                      
     00000005  l__INITIALIZED                  
     00000005  l__INITIALIZER                  
     00000008  l__HEADER0                      
     00000009  l__HEADER1                      
     0000000B  l__CABS1                        
     0000000F  l__CABS2                        
     0000000F  l__GSINIT                       
     00000010  l__CABS0                        
     00000010  l__CABS4                        
     0000001F  l__HEADER2                      
     0000002B  l__HEADER3                      
     00000033  l__CABS3                        
     00000104  l__HEADER4                      
     0000011E  l__DATA                         
     00000200  s__CODE                         
     00000CA3  l__CODE                         
     00000EA3  s__HOME                         
     00000EA3  s__INITIALIZER                  
     00000EA8  s__GSINIT                       
     00000EB7  s__GSFINAL                      
     00002F64  l__BANK2                        
     00008000  _SMS_SRAM                          SMSlib_VRAMmemcpy
     00008000  s__BANK2                        
     0000C000  s__DATA                         
     0000C11E  s__INITIALIZED                  
     0000C123  s__BSEG                         
     0000C123  s__BSS                          
     0000C123  s__HEAP                         
ASxxxx Linker V03.00 + NoICE + sdld,  page 2.
Hexadecimal  [32-Bits]

Area                                    Addr        Size        Decimal Bytes (Attributes)
--------------------------------        ----        ----        ------- ----- ------------
.  .ABS.                            00000000    00000000 =           0. bytes (ABS,CON)

      Value  Global                              Global Defined In Module
      -----  --------------------------------   ------------------------
     0000FFFC  _SRAM_bank_to_be_mapped_on_slot2   SMSlib_VRAMmemcpy
     0000FFFD  _ROM_bank_to_be_mapped_on_slot0    SMSlib_VRAMmemcpy
     0000FFFE  _ROM_bank_to_be_mapped_on_slot1    SMSlib_VRAMmemcpy
     0000FFFF  _ROM_bank_to_be_mapped_on_slot2    SMSlib_VRAMmemcpy
ASxxxx Linker V03.00 + NoICE + sdld,  page 3.
Hexadecimal  [32-Bits]

Area                                    Addr        Size        Decimal Bytes (Attributes)
--------------------------------        ----        ----        ------- ----- ------------
_CODE                               00000200    00000CA3 =        3235. bytes (REL,CON)

      Value  Global                              Global Defined In Module
      -----  --------------------------------   ------------------------
     00000200  _InterruptHandler                  main
     00000201  _InitConsole                       main
     0000021E  _checkgamepause                    main
     00000244  _Player1Init                       main
     00000264  _Player1Update                     main
     0000026E  _Player1UpdatePosition             main
     0000032F  _Player1UpdateDraw                 main
     000004B9  _loadGraphics2vram                 main
     000004FD  _main                              main
     000005BC  _PSGStop                           PSGlib
     000005E3  _PSGResume                         PSGlib
     0000062F  _PSGPlay                           PSGlib
     0000065A  _PSGPlayLoops                      PSGlib
     00000671  _PSGCancelLoop                     PSGlib
     0000067C  _PSGPlayNoRepeat                   PSGlib
     0000068A  _PSGGetStatus                      PSGlib
     0000068E  _PSGSilenceChannels                PSGlib
     0000069F  _PSGRestoreVolumes                 PSGlib
     00000778  _PSGSetMusicVolumeAttenuation      PSGlib
     00000852  _PSGSFXStop                        PSGlib
     00000915  _PSGSFXPlay                        PSGlib
     00000965  _PSGSFXCancelLoop                  PSGlib
     0000096B  _PSGSFXGetStatus                   PSGlib
     0000096F  _PSGSFXPlayLoop                    PSGlib
     0000098A  _PSGFrame                          PSGlib
     00000AAE  _PSGSFXFrame                       PSGlib
     00000B34  _SMS_init                          SMSlib
     00000B60  _VDPReg_init                       SMSlib
     00000B6B  _SMS_VDPturnOnFeature              SMSlib
     00000B80  _SMS_VDPturnOffFeature             SMSlib
     00000B98  _SMS_setBGScrollX                  SMSlib
     00000BA2  _SMS_setBGScrollY                  SMSlib
     00000BAC  _SMS_setBackdropColor              SMSlib
     00000BB6  _SMS_useFirstHalfTilesforSprites   SMSlib
     00000BCC  _SMS_setSpriteMode                 SMSlib
     00000C19  _SMS_setBGPaletteColor             SMSlib
     00000C26  _SMS_setSpritePaletteColor         SMSlib
     00000C33  _SMS_loadBGPalette                 SMSlib
     00000C47  _SMS_loadSpritePalette             SMSlib
     00000C5B  _SMS_setColor                      SMSlib
     00000C5F  _SMS_waitForVBlank                 SMSlib
     00000C6C  _SMS_getKeysStatus                 SMSlib
     00000C71  _SMS_getKeysPressed                SMSlib
     00000C86  _SMS_getKeysHeld                   SMSlib
     00000C99  _SMS_getKeysReleased               SMSlib
     00000CB2  _SMS_queryPauseRequested           SMSlib
     00000CB6  _SMS_resetPauseRequest             SMSlib
     00000CBC  _SMS_setFrameInterruptHandler      SMSlib
     00000CC0  _SMS_setLineInterruptHandler       SMSlib
     00000CC4  _SMS_setLineCounter                SMSlib
ASxxxx Linker V03.00 + NoICE + sdld,  page 4.
Hexadecimal  [32-Bits]

Area                                    Addr        Size        Decimal Bytes (Attributes)
--------------------------------        ----        ----        ------- ----- ------------
_CODE                               00000200    00000CA3 =        3235. bytes (REL,CON)

      Value  Global                              Global Defined In Module
      -----  --------------------------------   ------------------------
     00000CCE  _SMS_getVCount                     SMSlib
     00000CD1  _SMS_getHCount                     SMSlib
     00000CD4  _SMS_isr                           SMSlib
     00000D1C  _SMS_nmi_isr                       SMSlib
     00000D25  _SMS_loadPSGaidencompressedTiles   SMSlib_PSGaiden
     00000DF6  _SMS_VRAMmemset_f                  SMSlib_VRAMmemset
     00000E12  _SMS_VRAMmemsetW                   SMSlib_VRAMmemset
     00000E25  _SMS_initSprites                   SMSlib_sprite
     00000E2B  _SMS_addSprite_f                   SMSlib_sprite
     00000E56  _SMS_copySpritestoSAT              SMSlib_sprite
     00000E8A  ___sdcc_call_hl                    
     00000E8B  _SMS_finalizeSprites               SMSlib_deprecated
     00000E8C  _SMS_VRAMmemcpy                    SMSlib_VRAMmemcpy
ASxxxx Linker V03.00 + NoICE + sdld,  page 5.
Hexadecimal  [32-Bits]

Area                                    Addr        Size        Decimal Bytes (Attributes)
--------------------------------        ----        ----        ------- ----- ------------
_HEADER0                            00000000    00000008 =           8. bytes (ABS,CON)

      Value  Global                              Global Defined In Module
      -----  --------------------------------   ------------------------
ASxxxx Linker V03.00 + NoICE + sdld,  page 6.
Hexadecimal  [32-Bits]

Area                                    Addr        Size        Decimal Bytes (Attributes)
--------------------------------        ----        ----        ------- ----- ------------
_HEADER1                            00000000    00000009 =           9. bytes (ABS,CON)

      Value  Global                              Global Defined In Module
      -----  --------------------------------   ------------------------
     00000008  _SMS_crt0_RST08                    crt0

ASxxxx Linker V03.00 + NoICE + sdld,  page 7.
Hexadecimal  [32-Bits]

Area                                    Addr        Size        Decimal Bytes (Attributes)
--------------------------------        ----        ----        ------- ----- ------------
_HEADER2                            00000000    0000001F =          31. bytes (ABS,CON)

      Value  Global                              Global Defined In Module
      -----  --------------------------------   ------------------------
     00000018  _SMS_crt0_RST18                    crt0
     0000002F  get_bank                           crt0
     00000033  set_bank                           crt0
ASxxxx Linker V03.00 + NoICE + sdld,  page 8.
Hexadecimal  [32-Bits]

Area                                    Addr        Size        Decimal Bytes (Attributes)
--------------------------------        ----        ----        ------- ----- ------------
_HEADER3                            00000000    0000002B =          43. bytes (ABS,CON)

      Value  Global                              Global Defined In Module
      -----  --------------------------------   ------------------------
ASxxxx Linker V03.00 + NoICE + sdld,  page 9.
Hexadecimal  [32-Bits]

Area                                    Addr        Size        Decimal Bytes (Attributes)
--------------------------------        ----        ----        ------- ----- ------------
_HEADER4                            00000000    00000104 =         260. bytes (ABS,CON)

      Value  Global                              Global Defined In Module
      -----  --------------------------------   ------------------------
     00000069  _OUTI128                           crt0
     000000E9  _OUTI64                            crt0
     00000129  _OUTI32                            crt0
     00000169  _outi_block                        crt0

ASxxxx Linker V03.00 + NoICE + sdld,  page 10.
Hexadecimal  [32-Bits]

Area                                    Addr        Size        Decimal Bytes (Attributes)
--------------------------------        ----        ----        ------- ----- ------------
_INITIALIZER                        00000EA3    00000005 =           5. bytes (REL,CON)

      Value  Global                              Global Defined In Module
      -----  --------------------------------   ------------------------
ASxxxx Linker V03.00 + NoICE + sdld,  page 11.
Hexadecimal  [32-Bits]

Area                                    Addr        Size        Decimal Bytes (Attributes)
--------------------------------        ----        ----        ------- ----- ------------
_GSINIT                             00000EA8    0000000F =          15. bytes (REL,CON)

      Value  Global                              Global Defined In Module
      -----  --------------------------------   ------------------------
     00000EA8  gsinit                             crt0

ASxxxx Linker V03.00 + NoICE + sdld,  page 12.
Hexadecimal  [32-Bits]

Area                                    Addr        Size        Decimal Bytes (Attributes)
--------------------------------        ----        ----        ------- ----- ------------
_GSFINAL                            00000EB7    00000001 =           1. bytes (REL,CON)

      Value  Global                              Global Defined In Module
      -----  --------------------------------   ------------------------
ASxxxx Linker V03.00 + NoICE + sdld,  page 13.
Hexadecimal  [32-Bits]

Area                                    Addr        Size        Decimal Bytes (Attributes)
--------------------------------        ----        ----        ------- ----- ------------
_DATA                               0000C000    0000011E =         286. bytes (REL,CON)

      Value  Global                              Global Defined In Module
      -----  --------------------------------   ------------------------
     0000C000  _numinterrupts                     main
     0000C001  _gamepause                         main
     0000C002  _sprite_size                       main
     0000C004  _player_x                          main
     0000C005  _player_y                          main
     0000C006  _player_current_frame              main
     0000C007  _player_direction                  main
     0000C008  _player_direction_offset           main
     0000C009  _frame_counter                     main
     0000C00A  _volume_atenuation                 main
     0000C00B  _PSGMusicStatus                    PSGlib
     0000C00C  _PSGMusicStart                     PSGlib
     0000C00E  _PSGMusicPointer                   PSGlib
     0000C010  _PSGMusicLoopPoint                 PSGlib
     0000C012  _PSGMusicSkipFrames                PSGlib
     0000C013  _PSGLoopFlag                       PSGlib
     0000C014  _PSGLoopCounter                    PSGlib
     0000C015  _PSGMusicLastLatch                 PSGlib
     0000C016  _PSGMusicVolumeAttenuation         PSGlib
     0000C017  _PSGMusicSubstringLen              PSGlib
     0000C018  _PSGMusicSubstringRetAddr          PSGlib
     0000C01A  _PSGChan0Volume                    PSGlib
     0000C01B  _PSGChan1Volume                    PSGlib
     0000C01C  _PSGChan2Volume                    PSGlib
     0000C01D  _PSGChan3Volume                    PSGlib
     0000C01E  _PSGChan2LowTone                   PSGlib
     0000C01F  _PSGChan2HighTone                  PSGlib
     0000C020  _PSGChan3LowTone                   PSGlib
     0000C021  _PSGChannel2SFX                    PSGlib
     0000C022  _PSGChannel3SFX                    PSGlib
     0000C023  _PSGSFXChan2Volume                 PSGlib
     0000C024  _PSGSFXChan3Volume                 PSGlib
     0000C025  _PSGSFXStatus                      PSGlib
     0000C026  _PSGSFXStart                       PSGlib
     0000C028  _PSGSFXPointer                     PSGlib
     0000C02A  _PSGSFXLoopPoint                   PSGlib
     0000C02C  _PSGSFXSkipFrames                  PSGlib
     0000C02D  _PSGSFXLoopFlag                    PSGlib
     0000C02E  _PSGSFXSubstringLen                PSGlib
     0000C02F  _PSGSFXSubstringRetAddr            PSGlib
     0000C031  _VDPBlank                          SMSlib
     0000C032  _SMS_VDPFlags                      SMSlib
     0000C033  _PauseRequested                    SMSlib
     0000C034  _SMS_Port3EBIOSvalue               SMSlib
     0000C035  _SMS_theFrameInterruptHandler      SMSlib
     0000C037  _KeysStatus                        SMSlib
     0000C039  _PreviousKeysStatus                SMSlib
     0000C03B  _SMS_theLineInterruptHandler       SMSlib
     0000C03D  _decompBuffer                      SMSlib_PSGaiden
     0000C05D  _SpriteTableY                      SMSlib_sprite
ASxxxx Linker V03.00 + NoICE + sdld,  page 14.
Hexadecimal  [32-Bits]

Area                                    Addr        Size        Decimal Bytes (Attributes)
--------------------------------        ----        ----        ------- ----- ------------
_DATA                               0000C000    0000011E =         286. bytes (REL,CON)

      Value  Global                              Global Defined In Module
      -----  --------------------------------   ------------------------
     0000C09D  _SpriteTableXN                     SMSlib_sprite
     0000C11D  _SpriteNextFree                    SMSlib_sprite

ASxxxx Linker V03.00 + NoICE + sdld,  page 15.
Hexadecimal  [32-Bits]

Area                                    Addr        Size        Decimal Bytes (Attributes)
--------------------------------        ----        ----        ------- ----- ------------
_INITIALIZED                        0000C11E    00000005 =           5. bytes (REL,CON)

      Value  Global                              Global Defined In Module
      -----  --------------------------------   ------------------------
     0000C11E  _VDPReg                            SMSlib
     0000C120  _spritesHeight                     SMSlib
     0000C121  _spritesWidth                      SMSlib
     0000C122  _spritesTileOffset                 SMSlib

ASxxxx Linker V03.00 + NoICE + sdld,  page 16.
Hexadecimal  [32-Bits]

Area                                    Addr        Size        Decimal Bytes (Attributes)
--------------------------------        ----        ----        ------- ----- ------------
_CABS0                              00000000    00000010 =          16. bytes (ABS,CON)

      Value  Global                              Global Defined In Module
      -----  --------------------------------   ------------------------
     00007FF0  ___SMS__SEGA_signature             main

ASxxxx Linker V03.00 + NoICE + sdld,  page 17.
Hexadecimal  [32-Bits]

Area                                    Addr        Size        Decimal Bytes (Attributes)
--------------------------------        ----        ----        ------- ----- ------------
_CABS1                              00000000    0000000B =          11. bytes (ABS,CON)

      Value  Global                              Global Defined In Module
      -----  --------------------------------   ------------------------
     00007FD5  ___SMS__SDSC_author                main

ASxxxx Linker V03.00 + NoICE + sdld,  page 18.
Hexadecimal  [32-Bits]

Area                                    Addr        Size        Decimal Bytes (Attributes)
--------------------------------        ----        ----        ------- ----- ------------
_CABS2                              00000000    0000000F =          15. bytes (ABS,CON)

      Value  Global                              Global Defined In Module
      -----  --------------------------------   ------------------------
     00007FC6  ___SMS__SDSC_name                  main

ASxxxx Linker V03.00 + NoICE + sdld,  page 19.
Hexadecimal  [32-Bits]

Area                                    Addr        Size        Decimal Bytes (Attributes)
--------------------------------        ----        ----        ------- ----- ------------
_CABS3                              00000000    00000033 =          51. bytes (ABS,CON)

      Value  Global                              Global Defined In Module
      -----  --------------------------------   ------------------------
     00007F93  ___SMS__SDSC_descr                 main

ASxxxx Linker V03.00 + NoICE + sdld,  page 20.
Hexadecimal  [32-Bits]

Area                                    Addr        Size        Decimal Bytes (Attributes)
--------------------------------        ----        ----        ------- ----- ------------
_CABS4                              00000000    00000010 =          16. bytes (ABS,CON)

      Value  Global                              Global Defined In Module
      -----  --------------------------------   ------------------------
     00007FE0  ___SMS__SDSC_signature             main

ASxxxx Linker V03.00 + NoICE + sdld,  page 21.
Hexadecimal  [32-Bits]

Area                                    Addr        Size        Decimal Bytes (Attributes)
--------------------------------        ----        ----        ------- ----- ------------
_BANK2                              00008000    00002F64 =       12132. bytes (REL,CON)

      Value  Global                              Global Defined In Module
      -----  --------------------------------   ------------------------
     00008000  _backgroundpalette_bin             bank2
     0000800B  _backgroundtilemap_bin             bank2
     0000860B  _backgroundtiles_psgcompr          bank2
     00008AEC  _enemybomb_psg                     bank2
     00008B04  _explosion_psg                     bank2
     00008B1D  _music_psg                         bank2
     00009D31  _pause_psg                         bank2
     00009D54  _spritepalette_bin                 bank2
     00009D5C  _spritepalette_lr_bin              bank2
     00009D64  _spritetiles_down_bin              bank2
     0000A1E4  _spritetiles_lr_bin                bank2
     0000AAE4  _spritetiles_up_bin                bank2
ASxxxx Linker V03.00 + NoICE + sdld,  page 22.

Files Linked                              [ module(s) ]

..\crt0\crt0_sms.rel                      [ crt0 ]
main.rel                                  [ main ]
..\lib\PSGlib.rel                         [ PSGlib ]
Banks\bank2.rel                           [ bank2 ]


Libraries Linked                          [ object file ]

..\lib\SMSlib.lib                         [ SMSlib.rel ]
..\lib\SMSlib.lib                         [ SMSlib_PSGaiden.rel ]
..\lib\SMSlib.lib                         [ SMSlib_VRAMmemset.rel ]
..\lib\SMSlib.lib                         [ SMSlib_sprite.rel ]
C:\Program Files\SDCC\bin\..\lib\z80/z80.lib
                                          [ __sdcc_call_hl.rel ]
..\lib\SMSlib.lib                         [ SMSlib_deprecated.rel ]
..\lib\SMSlib.lib                         [ SMSlib_VRAMmemcpy.rel ]

ASxxxx Linker V03.00 + NoICE + sdld,  page 23.

User Base Address Definitions

_CODE = 0x0200
_DATA = 0xc000
_BANK2=0x8000

