ASxxxx Linker V03.00 + NoICE + sdld,  page 1.
Hexadecimal  [32-Bits]

Area                                    Addr        Size        Decimal Bytes (Attributes)
--------------------------------        ----        ----        ------- ----- ------------
.  .ABS.                            00000000    00000000 =           0. bytes (ABS,CON)

      Value  Global                              Global Defined In Module
      -----  --------------------------------   ------------------------
     00000000  .__.ABS.                           
     00000000  l__BSEG                         
     00000000  l__BSS                          
     00000000  l__CABS                         
     00000000  l__DABS                         
     00000000  l__HEADER                       
     00000000  l__HOME                         
     00000000  s__CABS                         
     00000000  s__CABS0                        
     00000000  s__CABS1                        
     00000000  s__CABS2                        
     00000000  s__CABS3                        
     00000000  s__CABS4                        
     00000000  s__DABS                         
     00000000  s__HEADER                       
     00000000  s__HEADER0                      
     00000000  s__HEADER1                      
     00000000  s__HEADER2                      
     00000000  s__HEADER3                      
     00000000  s__HEADER4                      
     00000001  l__GSFINAL                      
     00000001  l__HEAP_END                     
     00000006  l__INITIALIZED                  
     00000006  l__INITIALIZER                  
     00000008  l__HEADER0                      
     00000009  l__HEADER1                      
     0000000B  l__CABS1                        
     0000000F  l__CABS2                        
     00000010  l__CABS0                        
     00000010  l__CABS4                        
     00000012  l__GSINIT                       
     0000001F  l__HEADER2                      
     0000002B  l__HEADER3                      
     00000033  l__CABS3                        
     00000104  l__HEADER4                      
     00000122  l__DATA                         
     00000200  s__CODE                         
     000003FF  l__HEAP                         
     000010D3  l__CODE                         
     000012D3  s__HOME                         
     000012D3  s__INITIALIZER                  
     000012D9  s__GSINIT                       
     000012EB  s__GSFINAL                      
     00002F64  l__BANK2                        
     00008000  _SMS_SRAM                          SMSlib_VRAMmemcpy
     00008000  s__BANK2                        
     0000AF64  s__HEAP_END                     
     0000C000  s__DATA                         
     0000C122  s__INITIALIZED                  
     0000C128  s__BSEG                         
ASxxxx Linker V03.00 + NoICE + sdld,  page 2.
Hexadecimal  [32-Bits]

Area                                    Addr        Size        Decimal Bytes (Attributes)
--------------------------------        ----        ----        ------- ----- ------------
.  .ABS.                            00000000    00000000 =           0. bytes (ABS,CON)

      Value  Global                              Global Defined In Module
      -----  --------------------------------   ------------------------
     0000C128  s__BSS                          
     0000C128  s__HEAP                         
     0000FFFC  _SRAM_bank_to_be_mapped_on_slot2   SMSlib_VRAMmemcpy
     0000FFFD  _ROM_bank_to_be_mapped_on_slot0    SMSlib_VRAMmemcpy
     0000FFFE  _ROM_bank_to_be_mapped_on_slot1    SMSlib_VRAMmemcpy
     0000FFFF  _ROM_bank_to_be_mapped_on_slot2    SMSlib_VRAMmemcpy

ASxxxx Linker V03.00 + NoICE + sdld,  page 3.
Hexadecimal  [32-Bits]

Area                                    Addr        Size        Decimal Bytes (Attributes)
--------------------------------        ----        ----        ------- ----- ------------
_CODE                               00000200    000010D3 =        4307. bytes (REL,CON)

      Value  Global                              Global Defined In Module
      -----  --------------------------------   ------------------------
     00000200  _InterruptHandler                  main
     00000201  _InitConsole                       main
     0000021E  _checkgamepause                    main
     00000244  _Player1Init                       main
     00000264  _Player1Update                     main
     0000026E  _Player1UpdatePosition             main
     0000032F  _Player1UpdateDraw                 main
     000004B9  _DeleteAnimation                   main
     000004BF  _InitAnimation                     main
     00000556  _CreateAnimation                   main
     0000058B  _UpdateAnimation                   main
     000005F7  _loadGraphics2vram                 main
     00000710  _main                              main
     000007DA  _PSGStop                           PSGlib
     00000801  _PSGResume                         PSGlib
     0000084D  _PSGPlay                           PSGlib
     00000878  _PSGPlayLoops                      PSGlib
     0000088F  _PSGCancelLoop                     PSGlib
     0000089A  _PSGPlayNoRepeat                   PSGlib
     000008A8  _PSGGetStatus                      PSGlib
     000008AC  _PSGSilenceChannels                PSGlib
     000008BD  _PSGRestoreVolumes                 PSGlib
     00000996  _PSGSetMusicVolumeAttenuation      PSGlib
     00000A70  _PSGSFXStop                        PSGlib
     00000B33  _PSGSFXPlay                        PSGlib
     00000B83  _PSGSFXCancelLoop                  PSGlib
     00000B89  _PSGSFXGetStatus                   PSGlib
     00000B8D  _PSGSFXPlayLoop                    PSGlib
     00000BA8  _PSGFrame                          PSGlib
     00000CCC  _PSGSFXFrame                       PSGlib
     00000D52  _free                              free
     00000E06  _SMS_init                          SMSlib
     00000E32  _VDPReg_init                       SMSlib
     00000E3D  _SMS_VDPturnOnFeature              SMSlib
     00000E52  _SMS_VDPturnOffFeature             SMSlib
     00000E6A  _SMS_setBGScrollX                  SMSlib
     00000E74  _SMS_setBGScrollY                  SMSlib
     00000E7E  _SMS_setBackdropColor              SMSlib
     00000E88  _SMS_useFirstHalfTilesforSprites   SMSlib
     00000E9E  _SMS_setSpriteMode                 SMSlib
     00000EEB  _SMS_setBGPaletteColor             SMSlib
     00000EF8  _SMS_setSpritePaletteColor         SMSlib
     00000F05  _SMS_loadBGPalette                 SMSlib
     00000F19  _SMS_loadSpritePalette             SMSlib
     00000F2D  _SMS_setColor                      SMSlib
     00000F31  _SMS_waitForVBlank                 SMSlib
     00000F3E  _SMS_getKeysStatus                 SMSlib
     00000F43  _SMS_getKeysPressed                SMSlib
     00000F58  _SMS_getKeysHeld                   SMSlib
     00000F6B  _SMS_getKeysReleased               SMSlib
ASxxxx Linker V03.00 + NoICE + sdld,  page 4.
Hexadecimal  [32-Bits]

Area                                    Addr        Size        Decimal Bytes (Attributes)
--------------------------------        ----        ----        ------- ----- ------------
_CODE                               00000200    000010D3 =        4307. bytes (REL,CON)

      Value  Global                              Global Defined In Module
      -----  --------------------------------   ------------------------
     00000F84  _SMS_queryPauseRequested           SMSlib
     00000F88  _SMS_resetPauseRequest             SMSlib
     00000F8E  _SMS_setFrameInterruptHandler      SMSlib
     00000F92  _SMS_setLineInterruptHandler       SMSlib
     00000F96  _SMS_setLineCounter                SMSlib
     00000FA0  _SMS_getVCount                     SMSlib
     00000FA3  _SMS_getHCount                     SMSlib
     00000FA6  _SMS_isr                           SMSlib
     00000FEE  _SMS_nmi_isr                       SMSlib
     00000FF7  _SMS_loadPSGaidencompressedTiles   SMSlib_PSGaiden
     000010C8  _SMS_VRAMmemset_f                  SMSlib_VRAMmemset
     000010E4  _SMS_VRAMmemsetW                   SMSlib_VRAMmemset
     000010F7  _SMS_initSprites                   SMSlib_sprite
     000010FD  _SMS_addSprite_f                   SMSlib_sprite
     00001128  _SMS_copySpritestoSAT              SMSlib_sprite
     0000115C  __moduchar                         
     00001163  __moduint                          
     00001168  ___sdcc_heap_init                  malloc
     00001183  _malloc                            malloc
     00001286  __divuchar                         
     00001288  __divu8                            
     0000128B  __divu16                           
     0000128B  __divuint                          
     000012BA  ___sdcc_call_hl                    
     000012BB  _SMS_finalizeSprites               SMSlib_deprecated
     000012BC  _SMS_VRAMmemcpy                    SMSlib_VRAMmemcpy

ASxxxx Linker V03.00 + NoICE + sdld,  page 5.
Hexadecimal  [32-Bits]

Area                                    Addr        Size        Decimal Bytes (Attributes)
--------------------------------        ----        ----        ------- ----- ------------
_HEADER0                            00000000    00000008 =           8. bytes (ABS,CON)

      Value  Global                              Global Defined In Module
      -----  --------------------------------   ------------------------
ASxxxx Linker V03.00 + NoICE + sdld,  page 6.
Hexadecimal  [32-Bits]

Area                                    Addr        Size        Decimal Bytes (Attributes)
--------------------------------        ----        ----        ------- ----- ------------
_HEADER1                            00000000    00000009 =           9. bytes (ABS,CON)

      Value  Global                              Global Defined In Module
      -----  --------------------------------   ------------------------
     00000008  _SMS_crt0_RST08                    crt0

ASxxxx Linker V03.00 + NoICE + sdld,  page 7.
Hexadecimal  [32-Bits]

Area                                    Addr        Size        Decimal Bytes (Attributes)
--------------------------------        ----        ----        ------- ----- ------------
_HEADER2                            00000000    0000001F =          31. bytes (ABS,CON)

      Value  Global                              Global Defined In Module
      -----  --------------------------------   ------------------------
     00000018  _SMS_crt0_RST18                    crt0
     0000002F  get_bank                           crt0
     00000033  set_bank                           crt0
ASxxxx Linker V03.00 + NoICE + sdld,  page 8.
Hexadecimal  [32-Bits]

Area                                    Addr        Size        Decimal Bytes (Attributes)
--------------------------------        ----        ----        ------- ----- ------------
_HEADER3                            00000000    0000002B =          43. bytes (ABS,CON)

      Value  Global                              Global Defined In Module
      -----  --------------------------------   ------------------------
ASxxxx Linker V03.00 + NoICE + sdld,  page 9.
Hexadecimal  [32-Bits]

Area                                    Addr        Size        Decimal Bytes (Attributes)
--------------------------------        ----        ----        ------- ----- ------------
_HEADER4                            00000000    00000104 =         260. bytes (ABS,CON)

      Value  Global                              Global Defined In Module
      -----  --------------------------------   ------------------------
     00000069  _OUTI128                           crt0
     000000E9  _OUTI64                            crt0
     00000129  _OUTI32                            crt0
     00000169  _outi_block                        crt0

ASxxxx Linker V03.00 + NoICE + sdld,  page 10.
Hexadecimal  [32-Bits]

Area                                    Addr        Size        Decimal Bytes (Attributes)
--------------------------------        ----        ----        ------- ----- ------------
_INITIALIZER                        000012D3    00000006 =           6. bytes (REL,CON)

      Value  Global                              Global Defined In Module
      -----  --------------------------------   ------------------------
ASxxxx Linker V03.00 + NoICE + sdld,  page 11.
Hexadecimal  [32-Bits]

Area                                    Addr        Size        Decimal Bytes (Attributes)
--------------------------------        ----        ----        ------- ----- ------------
_GSINIT                             000012D9    00000012 =          18. bytes (REL,CON)

      Value  Global                              Global Defined In Module
      -----  --------------------------------   ------------------------
     000012D9  gsinit                             crt0

ASxxxx Linker V03.00 + NoICE + sdld,  page 12.
Hexadecimal  [32-Bits]

Area                                    Addr        Size        Decimal Bytes (Attributes)
--------------------------------        ----        ----        ------- ----- ------------
_GSFINAL                            000012EB    00000001 =           1. bytes (REL,CON)

      Value  Global                              Global Defined In Module
      -----  --------------------------------   ------------------------
ASxxxx Linker V03.00 + NoICE + sdld,  page 13.
Hexadecimal  [32-Bits]

Area                                    Addr        Size        Decimal Bytes (Attributes)
--------------------------------        ----        ----        ------- ----- ------------
_DATA                               0000C000    00000122 =         290. bytes (REL,CON)

      Value  Global                              Global Defined In Module
      -----  --------------------------------   ------------------------
     0000C000  _numinterrupts                     main
     0000C001  _gamepause                         main
     0000C002  _sprite_size                       main
     0000C004  _player_x                          main
     0000C005  _player_y                          main
     0000C006  _player_current_frame              main
     0000C007  _player_direction                  main
     0000C008  _player_direction_offset           main
     0000C009  _frame_counter                     main
     0000C00A  _volume_atenuation                 main
     0000C00B  _anim                              main
     0000C00D  _PSGMusicStatus                    PSGlib
     0000C00E  _PSGMusicStart                     PSGlib
     0000C010  _PSGMusicPointer                   PSGlib
     0000C012  _PSGMusicLoopPoint                 PSGlib
     0000C014  _PSGMusicSkipFrames                PSGlib
     0000C015  _PSGLoopFlag                       PSGlib
     0000C016  _PSGLoopCounter                    PSGlib
     0000C017  _PSGMusicLastLatch                 PSGlib
     0000C018  _PSGMusicVolumeAttenuation         PSGlib
     0000C019  _PSGMusicSubstringLen              PSGlib
     0000C01A  _PSGMusicSubstringRetAddr          PSGlib
     0000C01C  _PSGChan0Volume                    PSGlib
     0000C01D  _PSGChan1Volume                    PSGlib
     0000C01E  _PSGChan2Volume                    PSGlib
     0000C01F  _PSGChan3Volume                    PSGlib
     0000C020  _PSGChan2LowTone                   PSGlib
     0000C021  _PSGChan2HighTone                  PSGlib
     0000C022  _PSGChan3LowTone                   PSGlib
     0000C023  _PSGChannel2SFX                    PSGlib
     0000C024  _PSGChannel3SFX                    PSGlib
     0000C025  _PSGSFXChan2Volume                 PSGlib
     0000C026  _PSGSFXChan3Volume                 PSGlib
     0000C027  _PSGSFXStatus                      PSGlib
     0000C028  _PSGSFXStart                       PSGlib
     0000C02A  _PSGSFXPointer                     PSGlib
     0000C02C  _PSGSFXLoopPoint                   PSGlib
     0000C02E  _PSGSFXSkipFrames                  PSGlib
     0000C02F  _PSGSFXLoopFlag                    PSGlib
     0000C030  _PSGSFXSubstringLen                PSGlib
     0000C031  _PSGSFXSubstringRetAddr            PSGlib
     0000C033  _VDPBlank                          SMSlib
     0000C034  _SMS_VDPFlags                      SMSlib
     0000C035  _PauseRequested                    SMSlib
     0000C036  _SMS_Port3EBIOSvalue               SMSlib
     0000C037  _SMS_theFrameInterruptHandler      SMSlib
     0000C039  _KeysStatus                        SMSlib
     0000C03B  _PreviousKeysStatus                SMSlib
     0000C03D  _SMS_theLineInterruptHandler       SMSlib
     0000C03F  _decompBuffer                      SMSlib_PSGaiden
ASxxxx Linker V03.00 + NoICE + sdld,  page 14.
Hexadecimal  [32-Bits]

Area                                    Addr        Size        Decimal Bytes (Attributes)
--------------------------------        ----        ----        ------- ----- ------------
_DATA                               0000C000    00000122 =         290. bytes (REL,CON)

      Value  Global                              Global Defined In Module
      -----  --------------------------------   ------------------------
     0000C05F  _SpriteTableY                      SMSlib_sprite
     0000C09F  _SpriteTableXN                     SMSlib_sprite
     0000C11F  _SpriteNextFree                    SMSlib_sprite
     0000C120  ___sdcc_heap_free                  malloc
ASxxxx Linker V03.00 + NoICE + sdld,  page 15.
Hexadecimal  [32-Bits]

Area                                    Addr        Size        Decimal Bytes (Attributes)
--------------------------------        ----        ----        ------- ----- ------------
_INITIALIZED                        0000C122    00000006 =           6. bytes (REL,CON)

      Value  Global                              Global Defined In Module
      -----  --------------------------------   ------------------------
     0000C122  _MAX_FRAMES                        main
     0000C123  _VDPReg                            SMSlib
     0000C125  _spritesHeight                     SMSlib
     0000C126  _spritesWidth                      SMSlib
     0000C127  _spritesTileOffset                 SMSlib

ASxxxx Linker V03.00 + NoICE + sdld,  page 16.
Hexadecimal  [32-Bits]

Area                                    Addr        Size        Decimal Bytes (Attributes)
--------------------------------        ----        ----        ------- ----- ------------
_HEAP                               0000C128    000003FF =        1023. bytes (REL,CON)

      Value  Global                              Global Defined In Module
      -----  --------------------------------   ------------------------
     0000C128  ___sdcc_heap                       

ASxxxx Linker V03.00 + NoICE + sdld,  page 17.
Hexadecimal  [32-Bits]

Area                                    Addr        Size        Decimal Bytes (Attributes)
--------------------------------        ----        ----        ------- ----- ------------
_CABS0                              00000000    00000010 =          16. bytes (ABS,CON)

      Value  Global                              Global Defined In Module
      -----  --------------------------------   ------------------------
     00007FF0  ___SMS__SEGA_signature             main

ASxxxx Linker V03.00 + NoICE + sdld,  page 18.
Hexadecimal  [32-Bits]

Area                                    Addr        Size        Decimal Bytes (Attributes)
--------------------------------        ----        ----        ------- ----- ------------
_CABS1                              00000000    0000000B =          11. bytes (ABS,CON)

      Value  Global                              Global Defined In Module
      -----  --------------------------------   ------------------------
     00007FD5  ___SMS__SDSC_author                main

ASxxxx Linker V03.00 + NoICE + sdld,  page 19.
Hexadecimal  [32-Bits]

Area                                    Addr        Size        Decimal Bytes (Attributes)
--------------------------------        ----        ----        ------- ----- ------------
_CABS2                              00000000    0000000F =          15. bytes (ABS,CON)

      Value  Global                              Global Defined In Module
      -----  --------------------------------   ------------------------
     00007FC6  ___SMS__SDSC_name                  main

ASxxxx Linker V03.00 + NoICE + sdld,  page 20.
Hexadecimal  [32-Bits]

Area                                    Addr        Size        Decimal Bytes (Attributes)
--------------------------------        ----        ----        ------- ----- ------------
_CABS3                              00000000    00000033 =          51. bytes (ABS,CON)

      Value  Global                              Global Defined In Module
      -----  --------------------------------   ------------------------
     00007F93  ___SMS__SDSC_descr                 main

ASxxxx Linker V03.00 + NoICE + sdld,  page 21.
Hexadecimal  [32-Bits]

Area                                    Addr        Size        Decimal Bytes (Attributes)
--------------------------------        ----        ----        ------- ----- ------------
_CABS4                              00000000    00000010 =          16. bytes (ABS,CON)

      Value  Global                              Global Defined In Module
      -----  --------------------------------   ------------------------
     00007FE0  ___SMS__SDSC_signature             main

ASxxxx Linker V03.00 + NoICE + sdld,  page 22.
Hexadecimal  [32-Bits]

Area                                    Addr        Size        Decimal Bytes (Attributes)
--------------------------------        ----        ----        ------- ----- ------------
_BANK2                              00008000    00002F64 =       12132. bytes (REL,CON)

      Value  Global                              Global Defined In Module
      -----  --------------------------------   ------------------------
     00008000  _backgroundpalette_bin             bank2
     0000800B  _backgroundtilemap_bin             bank2
     0000860B  _backgroundtiles_psgcompr          bank2
     00008AEC  _enemybomb_psg                     bank2
     00008B04  _explosion_psg                     bank2
     00008B1D  _music_psg                         bank2
     00009D31  _pause_psg                         bank2
     00009D54  _spritepalette_bin                 bank2
     00009D5C  _spritepalette_lr_bin              bank2
     00009D64  _spritetiles_down_bin              bank2
     0000A1E4  _spritetiles_lr_bin                bank2
     0000AAE4  _spritetiles_up_bin                bank2
ASxxxx Linker V03.00 + NoICE + sdld,  page 23.
Hexadecimal  [32-Bits]

Area                                    Addr        Size        Decimal Bytes (Attributes)
--------------------------------        ----        ----        ------- ----- ------------
_HEAP_END                           0000AF64    00000001 =           1. bytes (REL,CON)

      Value  Global                              Global Defined In Module
      -----  --------------------------------   ------------------------
     0000AF64  ___sdcc_heap_end                   

ASxxxx Linker V03.00 + NoICE + sdld,  page 24.

Files Linked                              [ module(s) ]

..\crt0\crt0_sms.rel                      [ crt0 ]
main.rel                                  [ main ]
..\lib\PSGlib.rel                         [ PSGlib ]
Banks\bank2.rel                           [ bank2 ]


Libraries Linked                          [ object file ]

C:\Program Files\SDCC\bin\..\lib\z80/z80.lib
                                          [ free.rel ]
..\lib\SMSlib.lib                         [ SMSlib.rel ]
..\lib\SMSlib.lib                         [ SMSlib_PSGaiden.rel ]
..\lib\SMSlib.lib                         [ SMSlib_VRAMmemset.rel ]
..\lib\SMSlib.lib                         [ SMSlib_sprite.rel ]
C:\Program Files\SDCC\bin\..\lib\z80/z80.lib
                                          [ modunsigned.rel ]
C:\Program Files\SDCC\bin\..\lib\z80/z80.lib
                                          [ malloc.rel ]
C:\Program Files\SDCC\bin\..\lib\z80/z80.lib
                                          [ divunsigned.rel ]
C:\Program Files\SDCC\bin\..\lib\z80/z80.lib
                                          [ __sdcc_call_hl.rel ]
..\lib\SMSlib.lib                         [ SMSlib_deprecated.rel ]
..\lib\SMSlib.lib                         [ SMSlib_VRAMmemcpy.rel ]
C:\Program Files\SDCC\bin\..\lib\z80/z80.lib
                                          [ heap.rel ]

ASxxxx Linker V03.00 + NoICE + sdld,  page 25.

User Base Address Definitions

_CODE = 0x0200
_DATA = 0xc000
_BANK2=0x8000

